SPUAssembly v1.0.2b prog.spus -> output.spub
26    ->    35 | 10 | push 2               |  0  0  0  0  0  0  0  0  0 40 
36    ->    38 | 3  | push rbx             |  0  1  1 
39    ->    40 | 2  | pop                  |  1  0 
41    ->    43 | 3  | pop rdx              |  1  1  3 
44    ->    45 | 2  | in                   |  2  0 
46    ->    48 | 3  | in rcx               |  2  1  2 
49    ->    49 | 1  | dump                 |  3 
50    ->    50 | 1  | add                  |  4 
51    ->    51 | 1  | mul                  |  6 
52    ->    52 | 1  | sub                  |  5 
53    ->    53 | 1  | div                  |  7 
54    ->    54 | 1  | sin                  |  8 
55    ->    55 | 1  | cos                  |  9 
56    ->    56 | 1  | sqrt                 |  a 
57    ->    57 | 1  | het                  |  c 
58    ->    58 | 1  | out                  |  d 
59    ->    61 | 3  | push rax             |  0  1  0 
62    ->    64 | 3  | push rbx             |  0  1  1 
65    ->    67 | 3  | push rcx             |  0  1  2 
68    ->    70 | 3  | push rdx             |  0  1  3 
71    ->    80 | 10 | push 0               |  0  0  0  0  0  0  0  0  0  0 
81    ->    90 | 10 | push 1               |  0  0  0  0  0  0  0  0 f0 3f 
